Archive member included to satisfy reference by file (symbol)

/Applications/Ac6/SystemWorkbench.app/Contents/Eclipse/plugins/fr.ac6.mcu.externaltools.arm-none.macos64_1.17.0.201812190825/tools/compiler/bin/../lib/gcc/arm-none-eabi/7.3.1/../../../../arm-none-eabi/lib/thumb/v6-m/libm.a(lib_a-s_sin.o)
                              src/prjct3.o (sin)
/Applications/Ac6/SystemWorkbench.app/Contents/Eclipse/plugins/fr.ac6.mcu.externaltools.arm-none.macos64_1.17.0.201812190825/tools/compiler/bin/../lib/gcc/arm-none-eabi/7.3.1/../../../../arm-none-eabi/lib/thumb/v6-m/libm.a(lib_a-e_rem_pio2.o)
                              /Applications/Ac6/SystemWorkbench.app/Contents/Eclipse/plugins/fr.ac6.mcu.externaltools.arm-none.macos64_1.17.0.201812190825/tools/compiler/bin/../lib/gcc/arm-none-eabi/7.3.1/../../../../arm-none-eabi/lib/thumb/v6-m/libm.a(lib_a-s_sin.o) (__ieee754_rem_pio2)
/Applications/Ac6/SystemWorkbench.app/Contents/Eclipse/plugins/fr.ac6.mcu.externaltools.arm-none.macos64_1.17.0.201812190825/tools/compiler/bin/../lib/gcc/arm-none-eabi/7.3.1/../../../../arm-none-eabi/lib/thumb/v6-m/libm.a(lib_a-k_cos.o)
                              /Applications/Ac6/SystemWorkbench.app/Contents/Eclipse/plugins/fr.ac6.mcu.externaltools.arm-none.macos64_1.17.0.201812190825/tools/compiler/bin/../lib/gcc/arm-none-eabi/7.3.1/../../../../arm-none-eabi/lib/thumb/v6-m/libm.a(lib_a-s_sin.o) (__kernel_cos)
/Applications/Ac6/SystemWorkbench.app/Contents/Eclipse/plugins/fr.ac6.mcu.externaltools.arm-none.macos64_1.17.0.201812190825/tools/compiler/bin/../lib/gcc/arm-none-eabi/7.3.1/../../../../arm-none-eabi/lib/thumb/v6-m/libm.a(lib_a-k_rem_pio2.o)
                              /Applications/Ac6/SystemWorkbench.app/Contents/Eclipse/plugins/fr.ac6.mcu.externaltools.arm-none.macos64_1.17.0.201812190825/tools/compiler/bin/../lib/gcc/arm-none-eabi/7.3.1/../../../../arm-none-eabi/lib/thumb/v6-m/libm.a(lib_a-e_rem_pio2.o) (__kernel_rem_pio2)
/Applications/Ac6/SystemWorkbench.app/Contents/Eclipse/plugins/fr.ac6.mcu.externaltools.arm-none.macos64_1.17.0.201812190825/tools/compiler/bin/../lib/gcc/arm-none-eabi/7.3.1/../../../../arm-none-eabi/lib/thumb/v6-m/libm.a(lib_a-k_sin.o)
                              /Applications/Ac6/SystemWorkbench.app/Contents/Eclipse/plugins/fr.ac6.mcu.externaltools.arm-none.macos64_1.17.0.201812190825/tools/compiler/bin/../lib/gcc/arm-none-eabi/7.3.1/../../../../arm-none-eabi/lib/thumb/v6-m/libm.a(lib_a-s_sin.o) (__kernel_sin)
/Applications/Ac6/SystemWorkbench.app/Contents/Eclipse/plugins/fr.ac6.mcu.externaltools.arm-none.macos64_1.17.0.201812190825/tools/compiler/bin/../lib/gcc/arm-none-eabi/7.3.1/../../../../arm-none-eabi/lib/thumb/v6-m/libm.a(lib_a-s_fabs.o)
                              /Applications/Ac6/SystemWorkbench.app/Contents/Eclipse/plugins/fr.ac6.mcu.externaltools.arm-none.macos64_1.17.0.201812190825/tools/compiler/bin/../lib/gcc/arm-none-eabi/7.3.1/../../../../arm-none-eabi/lib/thumb/v6-m/libm.a(lib_a-e_rem_pio2.o) (fabs)
/Applications/Ac6/SystemWorkbench.app/Contents/Eclipse/plugins/fr.ac6.mcu.externaltools.arm-none.macos64_1.17.0.201812190825/tools/compiler/bin/../lib/gcc/arm-none-eabi/7.3.1/../../../../arm-none-eabi/lib/thumb/v6-m/libm.a(lib_a-s_floor.o)
                              /Applications/Ac6/SystemWorkbench.app/Contents/Eclipse/plugins/fr.ac6.mcu.externaltools.arm-none.macos64_1.17.0.201812190825/tools/compiler/bin/../lib/gcc/arm-none-eabi/7.3.1/../../../../arm-none-eabi/lib/thumb/v6-m/libm.a(lib_a-k_rem_pio2.o) (floor)
/Applications/Ac6/SystemWorkbench.app/Contents/Eclipse/plugins/fr.ac6.mcu.externaltools.arm-none.macos64_1.17.0.201812190825/tools/compiler/bin/../lib/gcc/arm-none-eabi/7.3.1/../../../../arm-none-eabi/lib/thumb/v6-m/libm.a(lib_a-s_scalbn.o)
                              /Applications/Ac6/SystemWorkbench.app/Contents/Eclipse/plugins/fr.ac6.mcu.externaltools.arm-none.macos64_1.17.0.201812190825/tools/compiler/bin/../lib/gcc/arm-none-eabi/7.3.1/../../../../arm-none-eabi/lib/thumb/v6-m/libm.a(lib_a-k_rem_pio2.o) (scalbn)
/Applications/Ac6/SystemWorkbench.app/Contents/Eclipse/plugins/fr.ac6.mcu.externaltools.arm-none.macos64_1.17.0.201812190825/tools/compiler/bin/../lib/gcc/arm-none-eabi/7.3.1/../../../../arm-none-eabi/lib/thumb/v6-m/libm.a(lib_a-s_copysign.o)
                              /Applications/Ac6/SystemWorkbench.app/Contents/Eclipse/plugins/fr.ac6.mcu.externaltools.arm-none.macos64_1.17.0.201812190825/tools/compiler/bin/../lib/gcc/arm-none-eabi/7.3.1/../../../../arm-none-eabi/lib/thumb/v6-m/libm.a(lib_a-s_scalbn.o) (copysign)
/Applications/Ac6/SystemWorkbench.app/Contents/Eclipse/plugins/fr.ac6.mcu.externaltools.arm-none.macos64_1.17.0.201812190825/tools/compiler/bin/../lib/gcc/arm-none-eabi/7.3.1/thumb/v6-m/libgcc.a(_udivsi3.o)
                              StdPeriph_Driver/src/stm32f0xx_rcc.o (__aeabi_uidiv)
[...]
Memory Configuration

Name             Origin             Length             Attributes
FLASH            0x0000000008000000 0x0000000000010000 xr
RAM              0x0000000020000000 0x0000000000002000 xrw
*default*        0x0000000000000000 0xffffffffffffffff

Linker script and memory map

LOAD /Applications/Ac6/SystemWorkbench.app/Contents/Eclipse/plugins/fr.ac6.mcu.externaltools.arm-none.macos64_1.17.0.201812190825/tools/compiler/bin/../lib/gcc/arm-none-eabi/7.3.1/thumb/v6-m/crti.o
LOAD /Applications/Ac6/SystemWorkbench.app/Contents/Eclipse/plugins/fr.ac6.mcu.externaltools.arm-none.macos64_1.17.0.201812190825/tools/compiler/bin/../lib/gcc/arm-none-eabi/7.3.1/thumb/v6-m/crtbegin.o
LOAD /Applications/Ac6/SystemWorkbench.app/Contents/Eclipse/plugins/fr.ac6.mcu.externaltools.arm-none.macos64_1.17.0.201812190825/tools/compiler/bin/../lib/gcc/arm-none-eabi/7.3.1/../../../../arm-none-eabi/lib/thumb/v6-m/crt0.o
LOAD StdPeriph_Driver/src/stm32f0xx_adc.o
LOAD StdPeriph_Driver/src/stm32f0xx_cec.o
LOAD StdPeriph_Driver/src/stm32f0xx_comp.o
LOAD StdPeriph_Driver/src/stm32f0xx_crc.o
LOAD StdPeriph_Driver/src/stm32f0xx_dac.o
LOAD StdPeriph_Driver/src/stm32f0xx_dbgmcu.o
LOAD StdPeriph_Driver/src/stm32f0xx_dma.o
LOAD StdPeriph_Driver/src/stm32f0xx_exti.o
LOAD StdPeriph_Driver/src/stm32f0xx_flash.o
LOAD StdPeriph_Driver/src/stm32f0xx_gpio.o
LOAD StdPeriph_Driver/src/stm32f0xx_i2c.o
LOAD StdPeriph_Driver/src/stm32f0xx_iwdg.o
LOAD StdPeriph_Driver/src/stm32f0xx_misc.o
LOAD StdPeriph_Driver/src/stm32f0xx_pwr.o
LOAD StdPeriph_Driver/src/stm32f0xx_rcc.o
LOAD StdPeriph_Driver/src/stm32f0xx_rtc.o
LOAD StdPeriph_Driver/src/stm32f0xx_spi.o
LOAD StdPeriph_Driver/src/stm32f0xx_syscfg.o
LOAD StdPeriph_Driver/src/stm32f0xx_tim.o
LOAD StdPeriph_Driver/src/stm32f0xx_usart.o
LOAD StdPeriph_Driver/src/stm32f0xx_wwdg.o
LOAD Utilities/stm32f0_discovery.o
LOAD src/prjct3.o
LOAD src/syscalls.o
LOAD src/system_stm32f0xx.o
LOAD startup/startup_stm32f0xx.o
LOAD /Applications/Ac6/SystemWorkbench.app/Contents/Eclipse/plugins/fr.ac6.mcu.externaltools.arm-none.macos64_1.17.0.201812190825/tools/compiler/bin/../lib/gcc/arm-none-eabi/7.3.1/../../../../arm-none-eabi/lib/thumb/v6-m/libm.a
START GROUP
LOAD /Applications/Ac6/SystemWorkbench.app/Contents/Eclipse/plugins/fr.ac6.mcu.externaltools.arm-none.macos64_1.17.0.201812190825/tools/compiler/bin/../lib/gcc/arm-none-eabi/7.3.1/thumb/v6-m/libgcc.a
LOAD /Applications/Ac6/SystemWorkbench.app/Contents/Eclipse/plugins/fr.ac6.mcu.externaltools.arm-none.macos64_1.17.0.201812190825/tools/compiler/bin/../lib/gcc/arm-none-eabi/7.3.1/../../../../arm-none-eabi/lib/thumb/v6-m/libc.a
END GROUP
LOAD /Applications/Ac6/SystemWorkbench.app/Contents/Eclipse/plugins/fr.ac6.mcu.externaltools.arm-none.macos64_1.17.0.201812190825/tools/compiler/bin/../lib/gcc/arm-none-eabi/7.3.1/thumb/v6-m/crtend.o
LOAD /Applications/Ac6/SystemWorkbench.app/Contents/Eclipse/plugins/fr.ac6.mcu.externaltools.arm-none.macos64_1.17.0.201812190825/tools/compiler/bin/../lib/gcc/arm-none-eabi/7.3.1/thumb/v6-m/crtn.o
                0x0000000020002000                _estack = 0x20002000
                0x0000000000000000                _Min_Heap_Size = 0x0
                0x0000000000000080                _Min_Stack_Size = 0x80

.isr_vector     0x0000000008000000       0xc4
                0x0000000008000000                . = ALIGN (0x4)
 *(.isr_vector)
 .isr_vector    0x0000000008000000       0xc4 startup/startup_stm32f0xx.o
                0x0000000008000000                g_pfnVectors
                0x00000000080000c4                . = ALIGN (0x4)

.text           0x00000000080000c8     0x453c
                0x00000000080000c8                . = ALIGN (0x4)
 *(.text)
 .text          0x00000000080000c8       0x48 /Applications/Ac6/SystemWorkbench.app/Contents/Eclipse/plugins/fr.ac6.mcu.externaltools.arm-none.macos64_1.17.0.201812190825/tools/compiler/bin/../lib/gcc/arm-none-eabi/7.3.1/thumb/v6-m/crtbegin.o
 .text          0x0000000008000110      0x114 /Applications/Ac6/SystemWorkbench.app/Contents/Eclipse/plugins/fr.ac6.mcu.externaltools.arm-none.macos64_1.17.0.201812190825/tools/compiler/bin/../lib/gcc/arm-none-eabi/7.3.1/thumb/v6-m/libgcc.a(_udivsi3.o)
                0x0000000008000110                __udivsi3
                0x0000000008000110                __aeabi_uidiv
                0x000000000800021c                __aeabi_uidivmod
 .text          0x0000000008000224      0x1d4 /Applications/Ac6/SystemWorkbench.app/Contents/Eclipse/plugins/fr.ac6.mcu.externaltools.arm-none.macos64_1.17.0.201812190825/tools/compiler/bin/../lib/gcc/arm-none-eabi/7.3.1/thumb/v6-m/libgcc.a(_divsi3.o)
                0x0000000008000224                __aeabi_idiv
                0x0000000008000224                __divsi3
                0x00000000080003f0                __aeabi_idivmod
 .text          0x00000000080003f8        0x4 /Applications/Ac6/SystemWorkbench.app/Contents/Eclipse/plugins/fr.ac6.mcu.externaltools.arm-none.macos64_1.17.0.201812190825/tools/compiler/bin/../lib/gcc/arm-none-eabi/7.3.1/thumb/v6-m/libgcc.a(_dvmd_tls.o)
                0x00000000080003f8                __aeabi_ldiv0
                0x00000000080003f8                __aeabi_idiv0
 .text          0x00000000080003fc       0x7c /Applications/Ac6/SystemWorkbench.app/Contents/Eclipse/plugins/fr.ac6.mcu.externaltools.arm-none.macos64_1.17.0.201812190825/tools/compiler/bin/../lib/gcc/arm-none-eabi/7.3.1/thumb/v6-m/libgcc.a(_arm_cmpdf2.o)
                0x00000000080003fc                __aeabi_cdrcmple
                0x000000000800040c                __aeabi_cdcmple
                0x000000000800040c                __aeabi_cdcmpeq
                0x000000000800041c                __aeabi_dcmpeq
                0x0000000008000428                __aeabi_dcmplt
                0x000000000800043c                __aeabi_dcmple
                0x0000000008000450                __aeabi_dcmpgt
                0x0000000008000464                __aeabi_dcmpge
 .text          0x0000000008000478      0x638 /Applications/Ac6/SystemWorkbench.app/Contents/Eclipse/plugins/fr.ac6.mcu.externaltools.arm-none.macos64_1.17.0.201812190825/tools/compiler/bin/../lib/gcc/arm-none-eabi/7.3.1/thumb/v6-m/libgcc.a(adddf3.o)
                0x0000000008000478                __aeabi_dadd
 .text          0x0000000008000ab0      0x604 /Applications/Ac6/SystemWorkbench.app/Contents/Eclipse/plugins/fr.ac6.mcu.externaltools.arm-none.macos64_1.17.0.201812190825/tools/compiler/bin/../lib/gcc/arm-none-eabi/7.3.1/thumb/v6-m/libgcc.a(divdf3.o)
                0x0000000008000ab0                __aeabi_ddiv
 .text          0x00000000080010b4       0x78 /Applications/Ac6/SystemWorkbench.app/Contents/Eclipse/plugins/fr.ac6.mcu.externaltools.arm-none.macos64_1.17.0.201812190825/tools/compiler/bin/../lib/gcc/arm-none-eabi/7.3.1/thumb/v6-m/libgcc.a(eqdf2.o)
                0x00000000080010b4                __eqdf2
                0x00000000080010b4                __nedf2
 .text          0x000000000800112c       0xc8 /Applications/Ac6/SystemWorkbench.app/Contents/Eclipse/plugins/fr.ac6.mcu.externaltools.arm-none.macos64_1.17.0.201812190825/tools/compiler/bin/../lib/gcc/arm-none-eabi/7.3.1/thumb/v6-m/libgcc.a(gedf2.o)
                0x000000000800112c                __gtdf2
                0x000000000800112c                __gedf2
 .text          0x00000000080011f4       0xd0 /Applications/Ac6/SystemWorkbench.app/Contents/Eclipse/plugins/fr.ac6.mcu.externaltools.arm-none.macos64_1.17.0.201812190825/tools/compiler/bin/../lib/gcc/arm-none-eabi/7.3.1/thumb/v6-m/libgcc.a(ledf2.o)
                0x00000000080011f4                __ltdf2
                0x00000000080011f4                __ledf2
 .text          0x00000000080012c4      0x4e4 /Applications/Ac6/SystemWorkbench.app/Contents/Eclipse/plugins/fr.ac6.mcu.externaltools.arm-none.macos64_1.17.0.201812190825/tools/compiler/bin/../lib/gcc/arm-none-eabi/7.3.1/thumb/v6-m/libgcc.a(muldf3.o)
                0x00000000080012c4                __aeabi_dmul
 .text          0x00000000080017a8      0x690 /Applications/Ac6/SystemWorkbench.app/Contents/Eclipse/plugins/fr.ac6.mcu.externaltools.arm-none.macos64_1.17.0.201812190825/tools/compiler/bin/../lib/gcc/arm-none-eabi/7.3.1/thumb/v6-m/libgcc.a(subdf3.o)
                0x00000000080017a8                __aeabi_dsub
 .text          0x0000000008001e38       0x6c /Applications/Ac6/SystemWorkbench.app/Contents/Eclipse/plugins/fr.ac6.mcu.externaltools.arm-none.macos64_1.17.0.201812190825/tools/compiler/bin/../lib/gcc/arm-none-eabi/7.3.1/thumb/v6-m/libgcc.a(fixdfsi.o)
                0x0000000008001e38                __aeabi_d2iz
 .text          0x0000000008001ea4       0x74 /Applications/Ac6/SystemWorkbench.app/Contents/Eclipse/plugins/fr.ac6.mcu.externaltools.arm-none.macos64_1.17.0.201812190825/tools/compiler/bin/../lib/gcc/arm-none-eabi/7.3.1/thumb/v6-m/libgcc.a(floatsidf.o)
                0x0000000008001ea4                __aeabi_i2d
 .text          0x0000000008001f18       0x3c /Applications/Ac6/SystemWorkbench.app/Contents/Eclipse/plugins/fr.ac6.mcu.externaltools.arm-none.macos64_1.17.0.201812190825/tools/compiler/bin/../lib/gcc/arm-none-eabi/7.3.1/thumb/v6-m/libgcc.a(_clzsi2.o)
                0x0000000008001f18                __clzsi2
 *(.text*)
 .text.NVIC_EnableIRQ
                0x0000000008001f54       0x2c src/prjct3.o
 .text.main     0x0000000008001f80       0x50 src/prjct3.o
                0x0000000008001f80                main
 .text.nano_wait
                0x0000000008001fd0       0x18 src/prjct3.o
                0x0000000008001fd0                nano_wait
 .text.generic_lcd_startup
                0x0000000008001fe8       0x50 src/prjct3.o
                0x0000000008001fe8                generic_lcd_startup
 .text.spi_cmd  0x0000000008002038       0x34 src/prjct3.o
                0x0000000008002038                spi_cmd
 .text.spi_data
                0x000000000800206c       0x3c src/prjct3.o
                0x000000000800206c                spi_data
 .text.spi_init_lcd
                0x00000000080020a8      0x110 src/prjct3.o
                0x00000000080020a8                spi_init_lcd
 .text.dma_spi_init_lcd
                0x00000000080021b8       0xf0 src/prjct3.o
                0x00000000080021b8                dma_spi_init_lcd
 .text.circdma_display1
                0x00000000080022a8       0x70 src/prjct3.o
                0x00000000080022a8                circdma_display1
 .text.circdma_display2
                0x0000000008002318       0x74 src/prjct3.o
                0x0000000008002318                circdma_display2
 .text.setup_gpio
                0x000000000800238c      0x144 src/prjct3.o
                0x000000000800238c                setup_gpio
 .text.setup_pwm
                0x00000000080024d0       0xc0 src/prjct3.o
                0x00000000080024d0                setup_pwm
 .text.setup_exti_line
                0x0000000008002590       0x70 src/prjct3.o
                0x0000000008002590                setup_exti_line
 .text.EXTI4_15_IRQHandler
                0x0000000008002600      0x1bc src/prjct3.o
                0x0000000008002600                EXTI4_15_IRQHandler
 .text.setup_tim3_gen_pulse
                0x00000000080027bc       0x64 src/prjct3.o
                0x00000000080027bc                setup_tim3_gen_pulse
 .text.setup_tim2_timer
                0x0000000008002820       0x6c src/prjct3.o
                0x0000000008002820                setup_tim2_timer
 .text.TIM3_IRQHandler
                0x000000000800288c       0x70 src/prjct3.o
                0x000000000800288c                TIM3_IRQHandler
 .text.TIM2_IRQHandler
                0x00000000080028fc      0x178 src/prjct3.o
                0x00000000080028fc                TIM2_IRQHandler
 .text.calc_distance
                0x0000000008002a74       0x6c src/prjct3.o
                0x0000000008002a74                calc_distance
 .text.setup_dac
                0x0000000008002ae0       0x5c src/prjct3.o
                0x0000000008002ae0                setup_dac
 .text.setup_timer6
                0x0000000008002b3c       0x4c src/prjct3.o
                0x0000000008002b3c                setup_timer6
 .text.init_wavetable
                0x0000000008002b88       0x84 src/prjct3.o
                0x0000000008002b88                init_wavetable
 .text.TIM6_DAC_IRQHandler
                0x0000000008002c0c       0x90 src/prjct3.o
                0x0000000008002c0c                TIM6_DAC_IRQHandler
 .text.SystemInit
                0x0000000008002c9c       0x8c src/system_stm32f0xx.o
                0x0000000008002c9c                SystemInit
 .text.SetSysClock
                0x0000000008002d28       0x94 src/system_stm32f0xx.o
 .text.Reset_Handler
                0x0000000008002dbc       0x50 startup/startup_stm32f0xx.o
                0x0000000008002dbc                Reset_Handler
 .text.Default_Handler
                0x0000000008002e0c        0x2 startup/startup_stm32f0xx.o
                0x0000000008002e0c                TIM1_BRK_UP_TRG_COM_IRQHandler
                0x0000000008002e0c                HardFault_Handler
                0x0000000008002e0c                ADC1_COMP_IRQHandler
                0x0000000008002e0c                SysTick_Handler
                0x0000000008002e0c                PVD_IRQHandler
                0x0000000008002e0c                PendSV_Handler
                0x0000000008002e0c                NMI_Handler
                0x0000000008002e0c                I2C1_IRQHandler
                0x0000000008002e0c                SPI1_IRQHandler
                0x0000000008002e0c                EXTI2_3_IRQHandler
                0x0000000008002e0c                I2C2_IRQHandler
                0x0000000008002e0c                TIM17_IRQHandler
                0x0000000008002e0c                RTC_IRQHandler
                0x0000000008002e0c                TIM16_IRQHandler
                0x0000000008002e0c                RCC_IRQHandler
                0x0000000008002e0c                DMA1_Channel1_IRQHandler
                0x0000000008002e0c                Default_Handler
                0x0000000008002e0c                CEC_IRQHandler
                0x0000000008002e0c                TIM14_IRQHandler
                0x0000000008002e0c                DMA1_Channel4_5_IRQHandler
                0x0000000008002e0c                TIM15_IRQHandler
                0x0000000008002e0c                EXTI0_1_IRQHandler
                0x0000000008002e0c                SPI2_IRQHandler
                0x0000000008002e0c                SVC_Handler
                0x0000000008002e0c                TS_IRQHandler
                0x0000000008002e0c                WWDG_IRQHandler
                0x0000000008002e0c                DMA1_Channel2_3_IRQHandler
                0x0000000008002e0c                USART2_IRQHandler
                0x0000000008002e0c                FLASH_IRQHandler
                0x0000000008002e0c                USART1_IRQHandler
                0x0000000008002e0c                TIM1_CC_IRQHandler
 *fill*         0x0000000008002e0e        0x2 
 .text.sin      0x0000000008002e10       0x90 /Applications/Ac6/SystemWorkbench.app/Contents/Eclipse/plugins/fr.ac6.mcu.externaltools.arm-none.macos64_1.17.0.201812190825/tools/compiler/bin/../lib/gcc/arm-none-eabi/7.3.1/../../../../arm-none-eabi/lib/thumb/v6-m/libm.a(lib_a-s_sin.o)
                0x0000000008002e10                sin
 .text.__ieee754_rem_pio2
                0x0000000008002ea0      0x420 /Applications/Ac6/SystemWorkbench.app/Contents/Eclipse/plugins/fr.ac6.mcu.externaltools.arm-none.macos64_1.17.0.201812190825/tools/compiler/bin/../lib/gcc/arm-none-eabi/7.3.1/../../../../arm-none-eabi/lib/thumb/v6-m/libm.a(lib_a-e_rem_pio2.o)
                0x0000000008002ea0                __ieee754_rem_pio2
 .text.__kernel_cos
                0x00000000080032c0      0x234 /Applications/Ac6/SystemWorkbench.app/Contents/Eclipse/plugins/fr.ac6.mcu.externaltools.arm-none.macos64_1.17.0.201812190825/tools/compiler/bin/../lib/gcc/arm-none-eabi/7.3.1/../../../../arm-none-eabi/lib/thumb/v6-m/libm.a(lib_a-k_cos.o)
                0x00000000080032c0                __kernel_cos
 .text.__kernel_rem_pio2
                0x00000000080034f4      0x8c0 /Applications/Ac6/SystemWorkbench.app/Contents/Eclipse/plugins/fr.ac6.mcu.externaltools.arm-none.macos64_1.17.0.201812190825/tools/compiler/bin/../lib/gcc/arm-none-eabi/7.3.1/../../../../arm-none-eabi/lib/thumb/v6-m/libm.a(lib_a-k_rem_pio2.o)
                0x00000000080034f4                __kernel_rem_pio2
 .text.__kernel_sin
                0x0000000008003db4      0x164 /Applications/Ac6/SystemWorkbench.app/Contents/Eclipse/plugins/fr.ac6.mcu.externaltools.arm-none.macos64_1.17.0.201812190825/tools/compiler/bin/../lib/gcc/arm-none-eabi/7.3.1/../../../../arm-none-eabi/lib/thumb/v6-m/libm.a(lib_a-k_sin.o)
                0x0000000008003db4                __kernel_sin
 .text.fabs     0x0000000008003f18        0x8 /Applications/Ac6/SystemWorkbench.app/Contents/Eclipse/plugins/fr.ac6.mcu.externaltools.arm-none.macos64_1.17.0.201812190825/tools/compiler/bin/../lib/gcc/arm-none-eabi/7.3.1/../../../../arm-none-eabi/lib/thumb/v6-m/libm.a(lib_a-s_fabs.o)
                0x0000000008003f18                fabs
 .text.floor    0x0000000008003f20      0x138 /Applications/Ac6/SystemWorkbench.app/Contents/Eclipse/plugins/fr.ac6.mcu.externaltools.arm-none.macos64_1.17.0.201812190825/tools/compiler/bin/../lib/gcc/arm-none-eabi/7.3.1/../../../../arm-none-eabi/lib/thumb/v6-m/libm.a(lib_a-s_floor.o)
                0x0000000008003f20                floor
 .text.scalbn   0x0000000008004058       0xd0 /Applications/Ac6/SystemWorkbench.app/Contents/Eclipse/plugins/fr.ac6.mcu.externaltools.arm-none.macos64_1.17.0.201812190825/tools/compiler/bin/../lib/gcc/arm-none-eabi/7.3.1/../../../../arm-none-eabi/lib/thumb/v6-m/libm.a(lib_a-s_scalbn.o)
                0x0000000008004058                scalbn
 .text.copysign
                0x0000000008004128       0x10 /Applications/Ac6/SystemWorkbench.app/Contents/Eclipse/plugins/fr.ac6.mcu.externaltools.arm-none.macos64_1.17.0.201812190825/tools/compiler/bin/../lib/gcc/arm-none-eabi/7.3.1/../../../../arm-none-eabi/lib/thumb/v6-m/libm.a(lib_a-s_copysign.o)
                0x0000000008004128                copysign
 .text.__libc_init_array
                0x0000000008004138       0x48 /Applications/Ac6/SystemWorkbench.app/Contents/Eclipse/plugins/fr.ac6.mcu.externaltools.arm-none.macos64_1.17.0.201812190825/tools/compiler/bin/../lib/gcc/arm-none-eabi/7.3.1/../../../../arm-none-eabi/lib/thumb/v6-m/libc.a(lib_a-init.o)
                0x0000000008004138                __libc_init_array
 .text.startup.register_fini
                0x0000000008004180       0x18 /Applications/Ac6/SystemWorkbench.app/Contents/Eclipse/plugins/fr.ac6.mcu.externaltools.arm-none.macos64_1.17.0.201812190825/tools/compiler/bin/../lib/gcc/arm-none-eabi/7.3.1/../../../../arm-none-eabi/lib/thumb/v6-m/libc.a(lib_a-__call_atexit.o)
 .text.atexit   0x0000000008004198       0x10 /Applications/Ac6/SystemWorkbench.app/Contents/Eclipse/plugins/fr.ac6.mcu.externaltools.arm-none.macos64_1.17.0.201812190825/tools/compiler/bin/../lib/gcc/arm-none-eabi/7.3.1/../../../../arm-none-eabi/lib/thumb/v6-m/libc.a(lib_a-atexit.o)
                0x0000000008004198                atexit
 .text.__libc_fini_array
                0x00000000080041a8       0x34 /Applications/Ac6/SystemWorkbench.app/Contents/Eclipse/plugins/fr.ac6.mcu.externaltools.arm-none.macos64_1.17.0.201812190825/tools/compiler/bin/../lib/gcc/arm-none-eabi/7.3.1/../../../../arm-none-eabi/lib/thumb/v6-m/libc.a(lib_a-fini.o)
                0x00000000080041a8                __libc_fini_array
 .text.__retarget_lock_acquire_recursive
                0x00000000080041dc        0x4 /Applications/Ac6/SystemWorkbench.app/Contents/Eclipse/plugins/fr.ac6.mcu.externaltools.arm-none.macos64_1.17.0.201812190825/tools/compiler/bin/../lib/gcc/arm-none-eabi/7.3.1/../../../../arm-none-eabi/lib/thumb/v6-m/libc.a(lib_a-lock.o)
                0x00000000080041dc                __retarget_lock_acquire_recursive
 .text.__retarget_lock_release_recursive
                0x00000000080041e0        0x4 /Applications/Ac6/SystemWorkbench.app/Contents/Eclipse/plugins/fr.ac6.mcu.externaltools.arm-none.macos64_1.17.0.201812190825/tools/compiler/bin/../lib/gcc/arm-none-eabi/7.3.1/../../../../arm-none-eabi/lib/thumb/v6-m/libc.a(lib_a-lock.o)
                0x00000000080041e0                __retarget_lock_release_recursive
 .text.__register_exitproc
                0x00000000080041e4       0xf4 /Applications/Ac6/SystemWorkbench.app/Contents/Eclipse/plugins/fr.ac6.mcu.externaltools.arm-none.macos64_1.17.0.201812190825/tools/compiler/bin/../lib/gcc/arm-none-eabi/7.3.1/../../../../arm-none-eabi/lib/thumb/v6-m/libc.a(lib_a-__atexit.o)
                0x00000000080041e4                __register_exitproc
 *(.rodata)
 .rodata        0x00000000080042d8       0xb4 src/prjct3.o
 .rodata        0x000000000800438c       0x40 /Applications/Ac6/SystemWorkbench.app/Contents/Eclipse/plugins/fr.ac6.mcu.externaltools.arm-none.macos64_1.17.0.201812190825/tools/compiler/bin/../lib/gcc/arm-none-eabi/7.3.1/thumb/v6-m/libgcc.a(divdf3.o)
 .rodata        0x00000000080043cc       0x40 /Applications/Ac6/SystemWorkbench.app/Contents/Eclipse/plugins/fr.ac6.mcu.externaltools.arm-none.macos64_1.17.0.201812190825/tools/compiler/bin/../lib/gcc/arm-none-eabi/7.3.1/thumb/v6-m/libgcc.a(muldf3.o)
 *(.rodata*)
 .rodata.npio2_hw
                0x000000000800440c       0x80 /Applications/Ac6/SystemWorkbench.app/Contents/Eclipse/plugins/fr.ac6.mcu.externaltools.arm-none.macos64_1.17.0.201812190825/tools/compiler/bin/../lib/gcc/arm-none-eabi/7.3.1/../../../../arm-none-eabi/lib/thumb/v6-m/libm.a(lib_a-e_rem_pio2.o)
 .rodata.two_over_pi
                0x000000000800448c      0x108 /Applications/Ac6/SystemWorkbench.app/Contents/Eclipse/plugins/fr.ac6.mcu.externaltools.arm-none.macos64_1.17.0.201812190825/tools/compiler/bin/../lib/gcc/arm-none-eabi/7.3.1/../../../../arm-none-eabi/lib/thumb/v6-m/libm.a(lib_a-e_rem_pio2.o)
 *fill*         0x0000000008004594        0x4 
 .rodata.PIo2   0x0000000008004598       0x40 /Applications/Ac6/SystemWorkbench.app/Contents/Eclipse/plugins/fr.ac6.mcu.externaltools.arm-none.macos64_1.17.0.201812190825/tools/compiler/bin/../lib/gcc/arm-none-eabi/7.3.1/../../../../arm-none-eabi/lib/thumb/v6-m/libm.a(lib_a-k_rem_pio2.o)
 .rodata.init_jk
                0x00000000080045d8       0x10 /Applications/Ac6/SystemWorkbench.app/Contents/Eclipse/plugins/fr.ac6.mcu.externaltools.arm-none.macos64_1.17.0.201812190825/tools/compiler/bin/../lib/gcc/arm-none-eabi/7.3.1/../../../../arm-none-eabi/lib/thumb/v6-m/libm.a(lib_a-k_rem_pio2.o)
 .rodata._global_impure_ptr
                0x00000000080045e8        0x4 /Applications/Ac6/SystemWorkbench.app/Contents/Eclipse/plugins/fr.ac6.mcu.externaltools.arm-none.macos64_1.17.0.201812190825/tools/compiler/bin/../lib/gcc/arm-none-eabi/7.3.1/../../../../arm-none-eabi/lib/thumb/v6-m/libc.a(lib_a-impure.o)
                0x00000000080045e8                _global_impure_ptr
 *(.glue_7)
 .glue_7        0x00000000080045ec        0x0 linker stubs
 *(.glue_7t)
 .glue_7t       0x00000000080045ec        0x0 linker stubs
 *(.eh_frame)
 .eh_frame      0x00000000080045ec        0x0 /Applications/Ac6/SystemWorkbench.app/Contents/Eclipse/plugins/fr.ac6.mcu.externaltools.arm-none.macos64_1.17.0.201812190825/tools/compiler/bin/../lib/gcc/arm-none-eabi/7.3.1/thumb/v6-m/crtbegin.o
 *(.init)
 .init          0x00000000080045ec        0x4 /Applications/Ac6/SystemWorkbench.app/Contents/Eclipse/plugins/fr.ac6.mcu.externaltools.arm-none.macos64_1.17.0.201812190825/tools/compiler/bin/../lib/gcc/arm-none-eabi/7.3.1/thumb/v6-m/crti.o
                0x00000000080045ec                _init
 .init          0x00000000080045f0        0x8 /Applications/Ac6/SystemWorkbench.app/Contents/Eclipse/plugins/fr.ac6.mcu.externaltools.arm-none.macos64_1.17.0.201812190825/tools/compiler/bin/../lib/gcc/arm-none-eabi/7.3.1/thumb/v6-m/crtn.o
 *(.fini)
 .fini          0x00000000080045f8        0x4 /Applications/Ac6/SystemWorkbench.app/Contents/Eclipse/plugins/fr.ac6.mcu.externaltools.arm-none.macos64_1.17.0.201812190825/tools/compiler/bin/../lib/gcc/arm-none-eabi/7.3.1/thumb/v6-m/crti.o
                0x00000000080045f8                _fini
 .fini          0x00000000080045fc        0x8 /Applications/Ac6/SystemWorkbench.app/Contents/Eclipse/plugins/fr.ac6.mcu.externaltools.arm-none.macos64_1.17.0.201812190825/tools/compiler/bin/../lib/gcc/arm-none-eabi/7.3.1/thumb/v6-m/crtn.o
                0x0000000008004604                . = ALIGN (0x4)
                0x0000000008004604                _etext = .

.vfp11_veneer   0x0000000008004604        0x0
 .vfp11_veneer  0x0000000008004604        0x0 linker stubs

.v4_bx          0x0000000008004604        0x0
 .v4_bx         0x0000000008004604        0x0 linker stubs

.iplt           0x0000000008004604        0x0
 .iplt          0x0000000008004604        0x0 /Applications/Ac6/SystemWorkbench.app/Contents/Eclipse/plugins/fr.ac6.mcu.externaltools.arm-none.macos64_1.17.0.201812190825/tools/compiler/bin/../lib/gcc/arm-none-eabi/7.3.1/thumb/v6-m/crtbegin.o

.rel.dyn        0x0000000008004604        0x0
 .rel.iplt      0x0000000008004604        0x0 /Applications/Ac6/SystemWorkbench.app/Contents/Eclipse/plugins/fr.ac6.mcu.externaltools.arm-none.macos64_1.17.0.201812190825/tools/compiler/bin/../lib/gcc/arm-none-eabi/7.3.1/thumb/v6-m/crtbegin.o

.ARM.extab
 *(.ARM.extab* .gnu.linkonce.armextab.*)

.ARM            0x0000000008004604        0x0
                0x0000000008004604                __exidx_start = .
 *(.ARM.exidx*)
                0x0000000008004604                __exidx_end = .

.preinit_array  0x0000000008004604        0x0
                0x0000000008004604                PROVIDE (__preinit_array_start = .)
 *(.preinit_array*)
                0x0000000008004604                PROVIDE (__preinit_array_end = .)

.init_array     0x0000000008004604        0x8
                0x0000000008004604                PROVIDE (__init_array_start = .)
 *(SORT_BY_NAME(.init_array.*))
 .init_array.00000
                0x0000000008004604        0x4 /Applications/Ac6/SystemWorkbench.app/Contents/Eclipse/plugins/fr.ac6.mcu.externaltools.arm-none.macos64_1.17.0.201812190825/tools/compiler/bin/../lib/gcc/arm-none-eabi/7.3.1/../../../../arm-none-eabi/lib/thumb/v6-m/libc.a(lib_a-__call_atexit.o)
 *(.init_array*)
 .init_array    0x0000000008004608        0x4 /Applications/Ac6/SystemWorkbench.app/Contents/Eclipse/plugins/fr.ac6.mcu.externaltools.arm-none.macos64_1.17.0.201812190825/tools/compiler/bin/../lib/gcc/arm-none-eabi/7.3.1/thumb/v6-m/crtbegin.o
                0x000000000800460c                PROVIDE (__init_array_end = .)

.fini_array     0x000000000800460c        0x4
                0x000000000800460c                PROVIDE (__fini_array_start = .)
 *(SORT_BY_NAME(.fini_array.*))
 *(.fini_array*)
 .fini_array    0x000000000800460c        0x4 /Applications/Ac6/SystemWorkbench.app/Contents/Eclipse/plugins/fr.ac6.mcu.externaltools.arm-none.macos64_1.17.0.201812190825/tools/compiler/bin/../lib/gcc/arm-none-eabi/7.3.1/thumb/v6-m/crtbegin.o
                0x0000000008004610                PROVIDE (__fini_array_end = .)
                0x0000000008004610                _sidata = LOADADDR (.data)

.data           0x0000000020000000      0x484 load address 0x0000000008004610
                0x0000000020000000                . = ALIGN (0x4)
                0x0000000020000000                _sdata = .
 *(.data)
 .data          0x0000000020000000       0x58 src/prjct3.o
                0x0000000020000000                step
                0x0000000020000004                cmd
                0x0000000020000008                data
                0x000000002000000c                display1
                0x0000000020000010                display2
                0x0000000020000014                dispmem
 *(.data*)
 .data.impure_data
                0x0000000020000058      0x428 /Applications/Ac6/SystemWorkbench.app/Contents/Eclipse/plugins/fr.ac6.mcu.externaltools.arm-none.macos64_1.17.0.201812190825/tools/compiler/bin/../lib/gcc/arm-none-eabi/7.3.1/../../../../arm-none-eabi/lib/thumb/v6-m/libc.a(lib_a-impure.o)
 .data.__atexit_recursive_mutex
                0x0000000020000480        0x4 /Applications/Ac6/SystemWorkbench.app/Contents/Eclipse/plugins/fr.ac6.mcu.externaltools.arm-none.macos64_1.17.0.201812190825/tools/compiler/bin/../lib/gcc/arm-none-eabi/7.3.1/../../../../arm-none-eabi/lib/thumb/v6-m/libc.a(lib_a-__call_atexit.o)
                0x0000000020000480                __atexit_recursive_mutex
                0x0000000020000484                . = ALIGN (0x4)
                0x0000000020000484                _edata = .

.igot.plt       0x0000000020000484        0x0 load address 0x0000000008004a94
 .igot.plt      0x0000000020000484        0x0 /Applications/Ac6/SystemWorkbench.app/Contents/Eclipse/plugins/fr.ac6.mcu.externaltools.arm-none.macos64_1.17.0.201812190825/tools/compiler/bin/../lib/gcc/arm-none-eabi/7.3.1/thumb/v6-m/crtbegin.o
                0x0000000020000484                . = ALIGN (0x4)

.bss            0x0000000020000484      0x824 load address 0x0000000008004a94
                0x0000000020000484                _sbss = .
                0x0000000020000484                __bss_start__ = _sbss
 *(.bss)
 .bss           0x0000000020000484       0x1c /Applications/Ac6/SystemWorkbench.app/Contents/Eclipse/plugins/fr.ac6.mcu.externaltools.arm-none.macos64_1.17.0.201812190825/tools/compiler/bin/../lib/gcc/arm-none-eabi/7.3.1/thumb/v6-m/crtbegin.o
 .bss           0x00000000200004a0       0x14 src/prjct3.o
                0x00000000200004a0                ten_microseconds_left
                0x00000000200004a4                ten_microseconds_right
                0x00000000200004a8                ten_microseconds_front
                0x00000000200004ac                offset
                0x00000000200004b0                count
 *(.bss*)
 *(COMMON)
 COMMON         0x00000000200004b4      0x7d0 src/prjct3.o
                0x00000000200004b4                wavetable
 COMMON         0x0000000020000c84       0x21 /Applications/Ac6/SystemWorkbench.app/Contents/Eclipse/plugins/fr.ac6.mcu.externaltools.arm-none.macos64_1.17.0.201812190825/tools/compiler/bin/../lib/gcc/arm-none-eabi/7.3.1/../../../../arm-none-eabi/lib/thumb/v6-m/libc.a(lib_a-lock.o)
                0x0000000020000c84                __lock___atexit_recursive_mutex
                0x0000000020000c88                __lock___arc4random_mutex
                0x0000000020000c8c                __lock___env_recursive_mutex
                0x0000000020000c90                __lock___sinit_recursive_mutex
                0x0000000020000c94                __lock___malloc_recursive_mutex
                0x0000000020000c98                __lock___at_quick_exit_mutex
                0x0000000020000c9c                __lock___dd_hash_mutex
                0x0000000020000ca0                __lock___tz_mutex
                0x0000000020000ca4                __lock___sfp_recursive_mutex
                0x0000000020000ca8                . = ALIGN (0x4)
 *fill*         0x0000000020000ca5        0x3 
                0x0000000020000ca8                _ebss = .
                0x0000000020000ca8                __bss_end__ = _ebss

._user_heap_stack
                0x0000000020000ca8       0x80 load address 0x0000000008004a94
                0x0000000020000ca8                . = ALIGN (0x8)
                0x0000000020000ca8                PROVIDE (end = .)
                [!provide]                        PROVIDE (_end = .)
                0x0000000020000ca8                . = (. + _Min_Heap_Size)
                0x0000000020000d28                . = (. + _Min_Stack_Size)
 *fill*         0x0000000020000ca8       0x80 
                0x0000000020000d28                . = ALIGN (0x8)

.ARM.attributes
                0x0000000000000000       0x28
 *(.ARM.attributes)
 .ARM.attributes
                0x0000000000000000       0x1e /Applications/Ac6/SystemWorkbench.app/Contents/Eclipse/plugins/fr.ac6.mcu.externaltools.arm-none.macos64_1.17.0.201812190825/tools/compiler/bin/../lib/gcc/arm-none-eabi/7.3.1/thumb/v6-m/crti.o
 .ARM.attributes
                0x000000000000001e       0x2c /Applications/Ac6/SystemWorkbench.app/Contents/Eclipse/plugins/fr.ac6.mcu.externaltools.arm-none.macos64_1.17.0.201812190825/tools/compiler/bin/../lib/gcc/arm-none-eabi/7.3.1/thumb/v6-m/crtbegin.o
 .ARM.attributes
                0x000000000000004a       0x31 src/prjct3.o
 .ARM.attributes
                0x000000000000007b       0x31 src/system_stm32f0xx.o
 .ARM.attributes
                0x00000000000000ac       0x21 startup/startup_stm32f0xx.o
 .ARM.attributes
                0x00000000000000cd       0x2c /Applications/Ac6/SystemWorkbench.app/Contents/Eclipse/plugins/fr.ac6.mcu.externaltools.arm-none.macos64_1.17.0.201812190825/tools/compiler/bin/../lib/gcc/arm-none-eabi/7.3.1/../../../../arm-none-eabi/lib/thumb/v6-m/libm.a(lib_a-s_sin.o)
 .ARM.attributes
                0x00000000000000f9       0x2c /Applications/Ac6/SystemWorkbench.app/Contents/Eclipse/plugins/fr.ac6.mcu.externaltools.arm-none.macos64_1.17.0.201812190825/tools/compiler/bin/../lib/gcc/arm-none-eabi/7.3.1/../../../../arm-none-eabi/lib/thumb/v6-m/libm.a(lib_a-e_rem_pio2.o)
 .ARM.attributes
                0x0000000000000125       0x2c /Applications/Ac6/SystemWorkbench.app/Contents/Eclipse/plugins/fr.ac6.mcu.externaltools.arm-none.macos64_1.17.0.201812190825/tools/compiler/bin/../lib/gcc/arm-none-eabi/7.3.1/../../../../arm-none-eabi/lib/thumb/v6-m/libm.a(lib_a-k_cos.o)
 .ARM.attributes
                0x0000000000000151       0x2c /Applications/Ac6/SystemWorkbench.app/Contents/Eclipse/plugins/fr.ac6.mcu.externaltools.arm-none.macos64_1.17.0.201812190825/tools/compiler/bin/../lib/gcc/arm-none-eabi/7.3.1/../../../../arm-none-eabi/lib/thumb/v6-m/libm.a(lib_a-k_rem_pio2.o)
 .ARM.attributes
                0x000000000000017d       0x2c /Applications/Ac6/SystemWorkbench.app/Contents/Eclipse/plugins/fr.ac6.mcu.externaltools.arm-none.macos64_1.17.0.201812190825/tools/compiler/bin/../lib/gcc/arm-none-eabi/7.3.1/../../../../arm-none-eabi/lib/thumb/v6-m/libm.a(lib_a-k_sin.o)
 .ARM.attributes
                0x00000000000001a9       0x2c /Applications/Ac6/SystemWorkbench.app/Contents/Eclipse/plugins/fr.ac6.mcu.externaltools.arm-none.macos64_1.17.0.201812190825/tools/compiler/bin/../lib/gcc/arm-none-eabi/7.3.1/../../../../arm-none-eabi/lib/thumb/v6-m/libm.a(lib_a-s_fabs.o)
 .ARM.attributes
                0x00000000000001d5       0x2c /Applications/Ac6/SystemWorkbench.app/Contents/Eclipse/plugins/fr.ac6.mcu.externaltools.arm-none.macos64_1.17.0.201812190825/tools/compiler/bin/../lib/gcc/arm-none-eabi/7.3.1/../../../../arm-none-eabi/lib/thumb/v6-m/libm.a(lib_a-s_floor.o)
 .ARM.attributes
                0x0000000000000201       0x2c /Applications/Ac6/SystemWorkbench.app/Contents/Eclipse/plugins/fr.ac6.mcu.externaltools.arm-none.macos64_1.17.0.201812190825/tools/compiler/bin/../lib/gcc/arm-none-eabi/7.3.1/../../../../arm-none-eabi/lib/thumb/v6-m/libm.a(lib_a-s_scalbn.o)
 .ARM.attributes
                0x000000000000022d       0x2c /Applications/Ac6/SystemWorkbench.app/Contents/Eclipse/plugins/fr.ac6.mcu.externaltools.arm-none.macos64_1.17.0.201812190825/tools/compiler/bin/../lib/gcc/arm-none-eabi/7.3.1/../../../../arm-none-eabi/lib/thumb/v6-m/libm.a(lib_a-s_copysign.o)
 .ARM.attributes
                0x0000000000000259       0x1e /Applications/Ac6/SystemWorkbench.app/Contents/Eclipse/plugins/fr.ac6.mcu.externaltools.arm-none.macos64_1.17.0.201812190825/tools/compiler/bin/../lib/gcc/arm-none-eabi/7.3.1/thumb/v6-m/libgcc.a(_udivsi3.o)
 .ARM.attributes
                0x0000000000000277       0x1e /Applications/Ac6/SystemWorkbench.app/Contents/Eclipse/plugins/fr.ac6.mcu.externaltools.arm-none.macos64_1.17.0.201812190825/tools/compiler/bin/../lib/gcc/arm-none-eabi/7.3.1/thumb/v6-m/libgcc.a(_divsi3.o)
 .ARM.attributes
                0x0000000000000295       0x1e /Applications/Ac6/SystemWorkbench.app/Contents/Eclipse/plugins/fr.ac6.mcu.externaltools.arm-none.macos64_1.17.0.201812190825/tools/compiler/bin/../lib/gcc/arm-none-eabi/7.3.1/thumb/v6-m/libgcc.a(_dvmd_tls.o)
 .ARM.attributes
                0x00000000000002b3       0x1e /Applications/Ac6/SystemWorkbench.app/Contents/Eclipse/plugins/fr.ac6.mcu.externaltools.arm-none.macos64_1.17.0.201812190825/tools/compiler/bin/../lib/gcc/arm-none-eabi/7.3.1/thumb/v6-m/libgcc.a(_arm_cmpdf2.o)
 .ARM.attributes
                0x00000000000002d1       0x2c /Applications/Ac6/SystemWorkbench.app/Contents/Eclipse/plugins/fr.ac6.mcu.externaltools.arm-none.macos64_1.17.0.201812190825/tools/compiler/bin/../lib/gcc/arm-none-eabi/7.3.1/thumb/v6-m/libgcc.a(adddf3.o)
 .ARM.attributes
                0x00000000000002fd       0x2c /Applications/Ac6/SystemWorkbench.app/Contents/Eclipse/plugins/fr.ac6.mcu.externaltools.arm-none.macos64_1.17.0.201812190825/tools/compiler/bin/../lib/gcc/arm-none-eabi/7.3.1/thumb/v6-m/libgcc.a(divdf3.o)
 .ARM.attributes
                0x0000000000000329       0x2c /Applications/Ac6/SystemWorkbench.app/Contents/Eclipse/plugins/fr.ac6.mcu.externaltools.arm-none.macos64_1.17.0.201812190825/tools/compiler/bin/../lib/gcc/arm-none-eabi/7.3.1/thumb/v6-m/libgcc.a(eqdf2.o)
 .ARM.attributes
                0x0000000000000355       0x2c /Applications/Ac6/SystemWorkbench.app/Contents/Eclipse/plugins/fr.ac6.mcu.externaltools.arm-none.macos64_1.17.0.201812190825/tools/compiler/bin/../lib/gcc/arm-none-eabi/7.3.1/thumb/v6-m/libgcc.a(gedf2.o)
 .ARM.attributes
                0x0000000000000381       0x2c /Applications/Ac6/SystemWorkbench.app/Contents/Eclipse/plugins/fr.ac6.mcu.externaltools.arm-none.macos64_1.17.0.201812190825/tools/compiler/bin/../lib/gcc/arm-none-eabi/7.3.1/thumb/v6-m/libgcc.a(ledf2.o)
 .ARM.attributes
                0x00000000000003ad       0x2c /Applications/Ac6/SystemWorkbench.app/Contents/Eclipse/plugins/fr.ac6.mcu.externaltools.arm-none.macos64_1.17.0.201812190825/tools/compiler/bin/../lib/gcc/arm-none-eabi/7.3.1/thumb/v6-m/libgcc.a(muldf3.o)
 .ARM.attributes
                0x00000000000003d9       0x2c /Applications/Ac6/SystemWorkbench.app/Contents/Eclipse/plugins/fr.ac6.mcu.externaltools.arm-none.macos64_1.17.0.201812190825/tools/compiler/bin/../lib/gcc/arm-none-eabi/7.3.1/thumb/v6-m/libgcc.a(subdf3.o)
 .ARM.attributes
                0x0000000000000405       0x2c /Applications/Ac6/SystemWorkbench.app/Contents/Eclipse/plugins/fr.ac6.mcu.externaltools.arm-none.macos64_1.17.0.201812190825/tools/compiler/bin/../lib/gcc/arm-none-eabi/7.3.1/thumb/v6-m/libgcc.a(fixdfsi.o)
 .ARM.attributes
                0x0000000000000431       0x2c /Applications/Ac6/SystemWorkbench.app/Contents/Eclipse/plugins/fr.ac6.mcu.externaltools.arm-none.macos64_1.17.0.201812190825/tools/compiler/bin/../lib/gcc/arm-none-eabi/7.3.1/thumb/v6-m/libgcc.a(floatsidf.o)
 .ARM.attributes
                0x000000000000045d       0x1e /Applications/Ac6/SystemWorkbench.app/Contents/Eclipse/plugins/fr.ac6.mcu.externaltools.arm-none.macos64_1.17.0.201812190825/tools/compiler/bin/../lib/gcc/arm-none-eabi/7.3.1/thumb/v6-m/libgcc.a(_clzsi2.o)
 .ARM.attributes
                0x000000000000047b       0x2c /Applications/Ac6/SystemWorkbench.app/Contents/Eclipse/plugins/fr.ac6.mcu.externaltools.arm-none.macos64_1.17.0.201812190825/tools/compiler/bin/../lib/gcc/arm-none-eabi/7.3.1/../../../../arm-none-eabi/lib/thumb/v6-m/libc.a(lib_a-impure.o)
 .ARM.attributes
                0x00000000000004a7       0x2c /Applications/Ac6/SystemWorkbench.app/Contents/Eclipse/plugins/fr.ac6.mcu.externaltools.arm-none.macos64_1.17.0.201812190825/tools/compiler/bin/../lib/gcc/arm-none-eabi/7.3.1/../../../../arm-none-eabi/lib/thumb/v6-m/libc.a(lib_a-init.o)
 .ARM.attributes
                0x00000000000004d3       0x2c /Applications/Ac6/SystemWorkbench.app/Contents/Eclipse/plugins/fr.ac6.mcu.externaltools.arm-none.macos64_1.17.0.201812190825/tools/compiler/bin/../lib/gcc/arm-none-eabi/7.3.1/../../../../arm-none-eabi/lib/thumb/v6-m/libc.a(lib_a-__call_atexit.o)
 .ARM.attributes
                0x00000000000004ff       0x2c /Applications/Ac6/SystemWorkbench.app/Contents/Eclipse/plugins/fr.ac6.mcu.externaltools.arm-none.macos64_1.17.0.201812190825/tools/compiler/bin/../lib/gcc/arm-none-eabi/7.3.1/../../../../arm-none-eabi/lib/thumb/v6-m/libc.a(lib_a-atexit.o)
 .ARM.attributes
                0x000000000000052b       0x2c /Applications/Ac6/SystemWorkbench.app/Contents/Eclipse/plugins/fr.ac6.mcu.externaltools.arm-none.macos64_1.17.0.201812190825/tools/compiler/bin/../lib/gcc/arm-none-eabi/7.3.1/../../../../arm-none-eabi/lib/thumb/v6-m/libc.a(lib_a-fini.o)
 .ARM.attributes
                0x0000000000000557       0x2c /Applications/Ac6/SystemWorkbench.app/Contents/Eclipse/plugins/fr.ac6.mcu.externaltools.arm-none.macos64_1.17.0.201812190825/tools/compiler/bin/../lib/gcc/arm-none-eabi/7.3.1/../../../../arm-none-eabi/lib/thumb/v6-m/libc.a(lib_a-lock.o)
 .ARM.attributes
                0x0000000000000583       0x2c /Applications/Ac6/SystemWorkbench.app/Contents/Eclipse/plugins/fr.ac6.mcu.externaltools.arm-none.macos64_1.17.0.201812190825/tools/compiler/bin/../lib/gcc/arm-none-eabi/7.3.1/../../../../arm-none-eabi/lib/thumb/v6-m/libc.a(lib_a-__atexit.o)
 .ARM.attributes
                0x00000000000005af       0x1e /Applications/Ac6/SystemWorkbench.app/Contents/Eclipse/plugins/fr.ac6.mcu.externaltools.arm-none.macos64_1.17.0.201812190825/tools/compiler/bin/../lib/gcc/arm-none-eabi/7.3.1/thumb/v6-m/crtn.o
OUTPUT(project.elf elf32-littlearm)

.debug_info     0x0000000000000000     0x186b
 .debug_info    0x0000000000000000     0x1574 src/prjct3.o
 .debug_info    0x0000000000001574      0x2d5 src/system_stm32f0xx.o
 .debug_info    0x0000000000001849       0x22 startup/startup_stm32f0xx.o

.debug_abbrev   0x0000000000000000      0x51a
 .debug_abbrev  0x0000000000000000      0x3d0 src/prjct3.o
 .debug_abbrev  0x00000000000003d0      0x138 src/system_stm32f0xx.o
 .debug_abbrev  0x0000000000000508       0x12 startup/startup_stm32f0xx.o

.debug_aranges  0x0000000000000000      0x138
 .debug_aranges
                0x0000000000000000       0xe0 src/prjct3.o
 .debug_aranges
                0x00000000000000e0       0x30 src/system_stm32f0xx.o
 .debug_aranges
                0x0000000000000110       0x28 startup/startup_stm32f0xx.o

.debug_ranges   0x0000000000000000      0x110
 .debug_ranges  0x0000000000000000       0xd0 src/prjct3.o
 .debug_ranges  0x00000000000000d0       0x20 src/system_stm32f0xx.o
 .debug_ranges  0x00000000000000f0       0x20 startup/startup_stm32f0xx.o

.debug_macro    0x0000000000000000      0xe7a
 .debug_macro   0x0000000000000000      0x25a src/prjct3.o
 .debug_macro   0x000000000000025a       0x64 src/prjct3.o
 .debug_macro   0x00000000000002be       0x18 src/prjct3.o
 .debug_macro   0x00000000000002d6       0x5e src/prjct3.o
 .debug_macro   0x0000000000000334       0x35 src/prjct3.o
 .debug_macro   0x0000000000000369       0x34 src/prjct3.o
 .debug_macro   0x000000000000039d       0x16 src/prjct3.o
 .debug_macro   0x00000000000003b3      0x10e src/prjct3.o
 .debug_macro   0x00000000000004c1       0x8d src/prjct3.o
 .debug_macro   0x000000000000054e       0x58 src/prjct3.o
 .debug_macro   0x00000000000005a6       0x1f src/prjct3.o
 .debug_macro   0x00000000000005c5       0x43 src/prjct3.o
 .debug_macro   0x0000000000000608       0x20 src/prjct3.o
 .debug_macro   0x0000000000000628      0x18e src/prjct3.o
 .debug_macro   0x00000000000007b6      0x330 src/prjct3.o
 .debug_macro   0x0000000000000ae6       0x16 src/prjct3.o
 .debug_macro   0x0000000000000afc       0x29 src/prjct3.o
 .debug_macro   0x0000000000000b25      0x1e1 src/prjct3.o
 .debug_macro   0x0000000000000d06      0x174 src/system_stm32f0xx.o

.debug_line     0x0000000000000000     0x10ff
 .debug_line    0x0000000000000000      0xa13 src/prjct3.o
 .debug_line    0x0000000000000a13      0x66b src/system_stm32f0xx.o
 .debug_line    0x000000000000107e       0x81 startup/startup_stm32f0xx.o

.debug_str      0x0000000000000000    0x2fa66
 .debug_str     0x0000000000000000    0x2f976 src/prjct3.o
                                      0x2fc6e (size before relaxing)
 .debug_str     0x000000000002f976       0xc3 src/system_stm32f0xx.o
                                      0x2bd20 (size before relaxing)
 .debug_str     0x000000000002fa39       0x2d startup/startup_stm32f0xx.o
                                         0x65 (size before relaxing)

.comment        0x0000000000000000       0x7f
 .comment       0x0000000000000000       0x7f src/prjct3.o
                                         0x80 (size before relaxing)
 .comment       0x000000000000007f       0x80 src/system_stm32f0xx.o

.debug_frame    0x0000000000000000      0x918
 .debug_frame   0x0000000000000000      0x2fc src/prjct3.o
 .debug_frame   0x00000000000002fc       0x6c src/system_stm32f0xx.o
 .debug_frame   0x0000000000000368       0x2c /Applications/Ac6/SystemWorkbench.app/Contents/Eclipse/plugins/fr.ac6.mcu.externaltools.arm-none.macos64_1.17.0.201812190825/tools/compiler/bin/../lib/gcc/arm-none-eabi/7.3.1/../../../../arm-none-eabi/lib/thumb/v6-m/libm.a(lib_a-s_sin.o)
 .debug_frame   0x0000000000000394       0x3c /Applications/Ac6/SystemWorkbench.app/Contents/Eclipse/plugins/fr.ac6.mcu.externaltools.arm-none.macos64_1.17.0.201812190825/tools/compiler/bin/../lib/gcc/arm-none-eabi/7.3.1/../../../../arm-none-eabi/lib/thumb/v6-m/libm.a(lib_a-e_rem_pio2.o)
 .debug_frame   0x00000000000003d0       0x38 /Applications/Ac6/SystemWorkbench.app/Contents/Eclipse/plugins/fr.ac6.mcu.externaltools.arm-none.macos64_1.17.0.201812190825/tools/compiler/bin/../lib/gcc/arm-none-eabi/7.3.1/../../../../arm-none-eabi/lib/thumb/v6-m/libm.a(lib_a-k_cos.o)
 .debug_frame   0x0000000000000408       0x3c /Applications/Ac6/SystemWorkbench.app/Contents/Eclipse/plugins/fr.ac6.mcu.externaltools.arm-none.macos64_1.17.0.201812190825/tools/compiler/bin/../lib/gcc/arm-none-eabi/7.3.1/../../../../arm-none-eabi/lib/thumb/v6-m/libm.a(lib_a-k_rem_pio2.o)
 .debug_frame   0x0000000000000444       0x38 /Applications/Ac6/SystemWorkbench.app/Contents/Eclipse/plugins/fr.ac6.mcu.externaltools.arm-none.macos64_1.17.0.201812190825/tools/compiler/bin/../lib/gcc/arm-none-eabi/7.3.1/../../../../arm-none-eabi/lib/thumb/v6-m/libm.a(lib_a-k_sin.o)
 .debug_frame   0x000000000000047c       0x20 /Applications/Ac6/SystemWorkbench.app/Contents/Eclipse/plugins/fr.ac6.mcu.externaltools.arm-none.macos64_1.17.0.201812190825/tools/compiler/bin/../lib/gcc/arm-none-eabi/7.3.1/../../../../arm-none-eabi/lib/thumb/v6-m/libm.a(lib_a-s_fabs.o)
 .debug_frame   0x000000000000049c       0x38 /Applications/Ac6/SystemWorkbench.app/Contents/Eclipse/plugins/fr.ac6.mcu.externaltools.arm-none.macos64_1.17.0.201812190825/tools/compiler/bin/../lib/gcc/arm-none-eabi/7.3.1/../../../../arm-none-eabi/lib/thumb/v6-m/libm.a(lib_a-s_floor.o)
 .debug_frame   0x00000000000004d4       0x2c /Applications/Ac6/SystemWorkbench.app/Contents/Eclipse/plugins/fr.ac6.mcu.externaltools.arm-none.macos64_1.17.0.201812190825/tools/compiler/bin/../lib/gcc/arm-none-eabi/7.3.1/../../../../arm-none-eabi/lib/thumb/v6-m/libm.a(lib_a-s_scalbn.o)
 .debug_frame   0x0000000000000500       0x2c /Applications/Ac6/SystemWorkbench.app/Contents/Eclipse/plugins/fr.ac6.mcu.externaltools.arm-none.macos64_1.17.0.201812190825/tools/compiler/bin/../lib/gcc/arm-none-eabi/7.3.1/../../../../arm-none-eabi/lib/thumb/v6-m/libm.a(lib_a-s_copysign.o)
 .debug_frame   0x000000000000052c       0x20 /Applications/Ac6/SystemWorkbench.app/Contents/Eclipse/plugins/fr.ac6.mcu.externaltools.arm-none.macos64_1.17.0.201812190825/tools/compiler/bin/../lib/gcc/arm-none-eabi/7.3.1/thumb/v6-m/libgcc.a(_udivsi3.o)
 .debug_frame   0x000000000000054c       0x20 /Applications/Ac6/SystemWorkbench.app/Contents/Eclipse/plugins/fr.ac6.mcu.externaltools.arm-none.macos64_1.17.0.201812190825/tools/compiler/bin/../lib/gcc/arm-none-eabi/7.3.1/thumb/v6-m/libgcc.a(_divsi3.o)
 .debug_frame   0x000000000000056c       0x38 /Applications/Ac6/SystemWorkbench.app/Contents/Eclipse/plugins/fr.ac6.mcu.externaltools.arm-none.macos64_1.17.0.201812190825/tools/compiler/bin/../lib/gcc/arm-none-eabi/7.3.1/thumb/v6-m/libgcc.a(adddf3.o)
 .debug_frame   0x00000000000005a4       0x3c /Applications/Ac6/SystemWorkbench.app/Contents/Eclipse/plugins/fr.ac6.mcu.externaltools.arm-none.macos64_1.17.0.201812190825/tools/compiler/bin/../lib/gcc/arm-none-eabi/7.3.1/thumb/v6-m/libgcc.a(divdf3.o)
 .debug_frame   0x00000000000005e0       0x38 /Applications/Ac6/SystemWorkbench.app/Contents/Eclipse/plugins/fr.ac6.mcu.externaltools.arm-none.macos64_1.17.0.201812190825/tools/compiler/bin/../lib/gcc/arm-none-eabi/7.3.1/thumb/v6-m/libgcc.a(eqdf2.o)
 .debug_frame   0x0000000000000618       0x38 /Applications/Ac6/SystemWorkbench.app/Contents/Eclipse/plugins/fr.ac6.mcu.externaltools.arm-none.macos64_1.17.0.201812190825/tools/compiler/bin/../lib/gcc/arm-none-eabi/7.3.1/thumb/v6-m/libgcc.a(gedf2.o)
 .debug_frame   0x0000000000000650       0x38 /Applications/Ac6/SystemWorkbench.app/Contents/Eclipse/plugins/fr.ac6.mcu.externaltools.arm-none.macos64_1.17.0.201812190825/tools/compiler/bin/../lib/gcc/arm-none-eabi/7.3.1/thumb/v6-m/libgcc.a(ledf2.o)
 .debug_frame   0x0000000000000688       0x3c /Applications/Ac6/SystemWorkbench.app/Contents/Eclipse/plugins/fr.ac6.mcu.externaltools.arm-none.macos64_1.17.0.201812190825/tools/compiler/bin/../lib/gcc/arm-none-eabi/7.3.1/thumb/v6-m/libgcc.a(muldf3.o)
 .debug_frame   0x00000000000006c4       0x3c /Applications/Ac6/SystemWorkbench.app/Contents/Eclipse/plugins/fr.ac6.mcu.externaltools.arm-none.macos64_1.17.0.201812190825/tools/compiler/bin/../lib/gcc/arm-none-eabi/7.3.1/thumb/v6-m/libgcc.a(subdf3.o)
 .debug_frame   0x0000000000000700       0x2c /Applications/Ac6/SystemWorkbench.app/Contents/Eclipse/plugins/fr.ac6.mcu.externaltools.arm-none.macos64_1.17.0.201812190825/tools/compiler/bin/../lib/gcc/arm-none-eabi/7.3.1/thumb/v6-m/libgcc.a(fixdfsi.o)
 .debug_frame   0x000000000000072c       0x2c /Applications/Ac6/SystemWorkbench.app/Contents/Eclipse/plugins/fr.ac6.mcu.externaltools.arm-none.macos64_1.17.0.201812190825/tools/compiler/bin/../lib/gcc/arm-none-eabi/7.3.1/thumb/v6-m/libgcc.a(floatsidf.o)
 .debug_frame   0x0000000000000758       0x2c /Applications/Ac6/SystemWorkbench.app/Contents/Eclipse/plugins/fr.ac6.mcu.externaltools.arm-none.macos64_1.17.0.201812190825/tools/compiler/bin/../lib/gcc/arm-none-eabi/7.3.1/../../../../arm-none-eabi/lib/thumb/v6-m/libc.a(lib_a-init.o)
 .debug_frame   0x0000000000000784       0x54 /Applications/Ac6/SystemWorkbench.app/Contents/Eclipse/plugins/fr.ac6.mcu.externaltools.arm-none.macos64_1.17.0.201812190825/tools/compiler/bin/../lib/gcc/arm-none-eabi/7.3.1/../../../../arm-none-eabi/lib/thumb/v6-m/libc.a(lib_a-__call_atexit.o)
 .debug_frame   0x00000000000007d8       0x28 /Applications/Ac6/SystemWorkbench.app/Contents/Eclipse/plugins/fr.ac6.mcu.externaltools.arm-none.macos64_1.17.0.201812190825/tools/compiler/bin/../lib/gcc/arm-none-eabi/7.3.1/../../../../arm-none-eabi/lib/thumb/v6-m/libc.a(lib_a-atexit.o)
 .debug_frame   0x0000000000000800       0x2c /Applications/Ac6/SystemWorkbench.app/Contents/Eclipse/plugins/fr.ac6.mcu.externaltools.arm-none.macos64_1.17.0.201812190825/tools/compiler/bin/../lib/gcc/arm-none-eabi/7.3.1/../../../../arm-none-eabi/lib/thumb/v6-m/libc.a(lib_a-fini.o)
 .debug_frame   0x000000000000082c       0xb0 /Applications/Ac6/SystemWorkbench.app/Contents/Eclipse/plugins/fr.ac6.mcu.externaltools.arm-none.macos64_1.17.0.201812190825/tools/compiler/bin/../lib/gcc/arm-none-eabi/7.3.1/../../../../arm-none-eabi/lib/thumb/v6-m/libc.a(lib_a-lock.o)
 .debug_frame   0x00000000000008dc       0x3c /Applications/Ac6/SystemWorkbench.app/Contents/Eclipse/plugins/fr.ac6.mcu.externaltools.arm-none.macos64_1.17.0.201812190825/tools/compiler/bin/../lib/gcc/arm-none-eabi/7.3.1/../../../../arm-none-eabi/lib/thumb/v6-m/libc.a(lib_a-__atexit.o)
